** Drc report for sdi12-analog-mux.kicad_pcb **
** Created on 2026-09-06T11:30:44 **
** Report includes: Errors, Warnings **

** Found 148 DRC violations **
[clearance]: Clearance violation ( clearance 0.2000 mm; actual 0.1651 mm)
    Local override; error
    @(147.4000 mm, 93.9000 mm): Pad 1 [Net-(U8-REGCAPD)] of U8 on F.Cu
    @(149.1500 mm, 91.3981 mm): Pad 33 [GND] of U8 on F.Cu
[clearance]: Clearance violation ( clearance 0.2000 mm; actual 0.1651 mm)
    Local override; error
    @(147.9000 mm, 93.9000 mm): Pad 2 [+3V3] of U8 on F.Cu
    @(149.1500 mm, 91.3981 mm): Pad 33 [GND] of U8 on F.Cu
[clearance]: Clearance violation ( clearance 0.2000 mm; actual 0.1651 mm)
    Local override; error
    @(148.9000 mm, 93.9000 mm): Pad 4 [/EXCITATION_CURRENT_SRC] of U8 on F.Cu
    @(149.1500 mm, 91.3981 mm): Pad 33 [GND] of U8 on F.Cu
[clearance]: Clearance violation ( clearance 0.2000 mm; actual 0.1651 mm)
    Local override; error
    @(149.4000 mm, 93.9000 mm): Pad 5 [/RTD_1_POS] of U8 on F.Cu
    @(149.1500 mm, 91.3981 mm): Pad 33 [GND] of U8 on F.Cu
[clearance]: Clearance violation ( clearance 0.2000 mm; actual 0.1651 mm)
    Local override; error
    @(149.9000 mm, 93.9000 mm): Pad 6 [/RTD_1_NEG] of U8 on F.Cu
    @(149.1500 mm, 91.3981 mm): Pad 33 [GND] of U8 on F.Cu
[clearance]: Clearance violation ( clearance 0.2000 mm; actual 0.1651 mm)
    Local override; error
    @(150.4000 mm, 93.9000 mm): Pad 7 [/RTD_2_POS] of U8 on F.Cu
    @(149.1500 mm, 91.3981 mm): Pad 33 [GND] of U8 on F.Cu
[clearance]: Clearance violation ( clearance 0.2000 mm; actual 0.1651 mm)
    Local override; error
    @(150.9000 mm, 93.9000 mm): Pad 8 [/RTD_2_NEG] of U8 on F.Cu
    @(149.1500 mm, 91.3981 mm): Pad 33 [GND] of U8 on F.Cu
[clearance]: Clearance violation ( clearance 0.2000 mm; actual 0.1651 mm)
    Local override; error
    @(151.6519 mm, 93.1481 mm): Pad 9 [/RTD_3_POS] of U8 on F.Cu
    @(149.1500 mm, 91.3981 mm): Pad 33 [GND] of U8 on F.Cu
[clearance]: Clearance violation ( clearance 0.2000 mm; actual 0.1651 mm)
    Local override; error
    @(151.6519 mm, 92.6481 mm): Pad 10 [/RTD_3_NEG] of U8 on F.Cu
    @(149.1500 mm, 91.3981 mm): Pad 33 [GND] of U8 on F.Cu
[clearance]: Clearance violation ( clearance 0.2000 mm; actual 0.1651 mm)
    Local override; error
    @(151.6519 mm, 92.1481 mm): Pad 11 [/RTD_4_POS] of U8 on F.Cu
    @(149.1500 mm, 91.3981 mm): Pad 33 [GND] of U8 on F.Cu
[clearance]: Clearance violation ( clearance 0.2000 mm; actual 0.1651 mm)
    Local override; error
    @(151.6519 mm, 91.6481 mm): Pad 12 [/POSITIVE_REF] of U8 on F.Cu
    @(149.1500 mm, 91.3981 mm): Pad 33 [GND] of U8 on F.Cu
[clearance]: Clearance violation ( clearance 0.2000 mm; actual 0.1651 mm)
    Local override; error
    @(151.6519 mm, 91.1481 mm): Pad 13 [/NEGATIVE_REF] of U8 on F.Cu
    @(149.1500 mm, 91.3981 mm): Pad 33 [GND] of U8 on F.Cu
[clearance]: Clearance violation ( clearance 0.2000 mm; actual 0.1651 mm)
    Local override; error
    @(151.6519 mm, 90.6481 mm): Pad 14 [/RTD_4_NEG] of U8 on F.Cu
    @(149.1500 mm, 91.3981 mm): Pad 33 [GND] of U8 on F.Cu
[clearance]: Clearance violation ( clearance 0.2000 mm; actual 0.1651 mm)
    Local override; error
    @(151.6519 mm, 90.1481 mm): Pad 15 [/RTD_5_POS] of U8 on F.Cu
    @(149.1500 mm, 91.3981 mm): Pad 33 [GND] of U8 on F.Cu
[clearance]: Clearance violation ( clearance 0.2000 mm; actual 0.1651 mm)
    Local override; error
    @(151.6519 mm, 89.6481 mm): Pad 16 [/RTD_5_NEG] of U8 on F.Cu
    @(149.1500 mm, 91.3981 mm): Pad 33 [GND] of U8 on F.Cu
[clearance]: Clearance violation ( clearance 0.2000 mm; actual 0.1651 mm)
    Local override; error
    @(150.9000 mm, 88.8962 mm): Pad 17 [/RTD_6_POS] of U8 on F.Cu
    @(149.1500 mm, 91.3981 mm): Pad 33 [GND] of U8 on F.Cu
[clearance]: Clearance violation ( clearance 0.2000 mm; actual 0.1651 mm)
    Local override; error
    @(150.4000 mm, 88.8962 mm): Pad 18 [/RTD_6_NEG] of U8 on F.Cu
    @(149.1500 mm, 91.3981 mm): Pad 33 [GND] of U8 on F.Cu
[clearance]: Clearance violation ( clearance 0.2000 mm; actual 0.1651 mm)
    Local override; error
    @(149.9000 mm, 88.8962 mm): Pad 19 [/RTD_7_POS] of U8 on F.Cu
    @(149.1500 mm, 91.3981 mm): Pad 33 [GND] of U8 on F.Cu
[clearance]: Clearance violation ( clearance 0.2000 mm; actual 0.1651 mm)
    Local override; error
    @(149.4000 mm, 88.8962 mm): Pad 20 [/RTD_7_NEG] of U8 on F.Cu
    @(149.1500 mm, 91.3981 mm): Pad 33 [GND] of U8 on F.Cu
[clearance]: Clearance violation ( clearance 0.2000 mm; actual 0.1651 mm)
    Local override; error
    @(148.9000 mm, 88.8962 mm): Pad 21 [unconnected-(U8-AIN15/IOUT/VBIAS/REFIN2(-)-Pad21)] of U8 on F.Cu
    @(149.1500 mm, 91.3981 mm): Pad 33 [GND] of U8 on F.Cu
[clearance]: Clearance violation ( clearance 0.2000 mm; actual 0.1651 mm)
    Local override; error
    @(148.4000 mm, 88.8962 mm): Pad 22 [/POSITIVE_REF] of U8 on F.Cu
    @(149.1500 mm, 91.3981 mm): Pad 33 [GND] of U8 on F.Cu
[clearance]: Clearance violation ( clearance 0.2000 mm; actual 0.1651 mm)
    Local override; error
    @(146.6481 mm, 89.6481 mm): Pad 25 [unconnected-(U8-PSW-Pad25)] of U8 on F.Cu
    @(149.1500 mm, 91.3981 mm): Pad 33 [GND] of U8 on F.Cu
[clearance]: Clearance violation ( clearance 0.2000 mm; actual 0.1651 mm)
    Local override; error
    @(146.6481 mm, 90.1481 mm): Pad 26 [+3V3] of U8 on F.Cu
    @(149.1500 mm, 91.3981 mm): Pad 33 [GND] of U8 on F.Cu
[clearance]: Clearance violation ( clearance 0.2000 mm; actual 0.1651 mm)
    Local override; error
    @(146.6481 mm, 90.6481 mm): Pad 27 [Net-(U8-*SYNC)] of U8 on F.Cu
    @(149.1500 mm, 91.3981 mm): Pad 33 [GND] of U8 on F.Cu
[clearance]: Clearance violation ( clearance 0.2000 mm; actual 0.1651 mm)
    Local override; error
    @(146.6481 mm, 91.1481 mm): Pad 28 [/MISO] of U8 on F.Cu
    @(149.1500 mm, 91.3981 mm): Pad 33 [GND] of U8 on F.Cu
[clearance]: Clearance violation ( clearance 0.2000 mm; actual 0.1651 mm)
    Local override; error
    @(146.6481 mm, 91.6481 mm): Pad 29 [/MOSI] of U8 on F.Cu
    @(149.1500 mm, 91.3981 mm): Pad 33 [GND] of U8 on F.Cu
[clearance]: Clearance violation ( clearance 0.2000 mm; actual 0.1651 mm)
    Local override; error
    @(146.6481 mm, 92.1481 mm): Pad 30 [/SCLK] of U8 on F.Cu
    @(149.1500 mm, 91.3981 mm): Pad 33 [GND] of U8 on F.Cu
[clearance]: Clearance violation ( clearance 0.2000 mm; actual 0.1651 mm)
    Local override; error
    @(146.6481 mm, 92.6481 mm): Pad 31 [unconnected-(U8-CLK-Pad31)] of U8 on F.Cu
    @(149.1500 mm, 91.3981 mm): Pad 33 [GND] of U8 on F.Cu
[clearance]: Clearance violation ( clearance 0.2000 mm; actual 0.1651 mm)
    Local override; error
    @(146.6481 mm, 93.1481 mm): Pad 32 [/ADC_CS] of U8 on F.Cu
    @(149.1500 mm, 91.3981 mm): Pad 33 [GND] of U8 on F.Cu
[clearance]: Clearance violation ( clearance 0.2000 mm; actual 0.1651 mm)
    Local override; error
    @(149.1500 mm, 91.3981 mm): Pad 33 [GND] of U8 on F.Cu
    @(147.4000 mm, 88.8962 mm): Pad 24 [Net-(U8-REGCAPA)] of U8 on F.Cu
[silk_edge_clearance]: Silkscreen clipped by board edge
    Rule: board setup constraints silk; warning
    @(110.5000 mm, 109.5500 mm): Circle on Edge.Cuts
    @(110.3270 mm, 105.8529 mm): Polygon of a on F.Silkscreen
[lib_footprint_mismatch]: Footprint 'C_0402_1005Metric' does not match copy in library 'Capacitor_SMD'
    Local override; warning
    @(174.8800 mm, 105.0000 mm): Footprint C49
[lib_footprint_mismatch]: Footprint 'C_0402_1005Metric' does not match copy in library 'Capacitor_SMD'
    Local override; warning
    @(106.8250 mm, 87.2200 mm): Footprint C4
[lib_footprint_mismatch]: Footprint 'R_0402_1005Metric' does not match copy in library 'Resistor_SMD'
    Local override; warning
    @(175.3600 mm, 106.5000 mm): Footprint R27
[lib_footprint_mismatch]: Footprint 'TerminalBlock_Xinya_XY308-2.54-4P_1x04_P2.54mm_Horizontal' does not match copy in library 'TerminalBlock'
    Local override; warning
    @(172.8600 mm, 111.5000 mm): Footprint J8
[lib_footprint_mismatch]: Footprint 'R_0402_1005Metric' does not match copy in library 'Resistor_SMD'
    Local override; warning
    @(95.7000 mm, 108.8600 mm): Footprint R7
[lib_footprint_mismatch]: Footprint 'C_0402_1005Metric' does not match copy in library 'Capacitor_SMD'
    Local override; warning
    @(98.5300 mm, 105.8500 mm): Footprint C22
[lib_footprint_mismatch]: Footprint 'C_0402_1005Metric' does not match copy in library 'Capacitor_SMD'
    Local override; warning
    @(153.9400 mm, 77.4000 mm): Footprint C47
[lib_footprint_mismatch]: Footprint 'C_0402_1005Metric' does not match copy in library 'Capacitor_SMD'
    Local override; warning
    @(127.9000 mm, 96.7500 mm): Footprint C18
[lib_footprint_mismatch]: Footprint 'R_0402_1005Metric' does not match copy in library 'Resistor_SMD'
    Local override; warning
    @(96.2000 mm, 106.0500 mm): Footprint R12
[lib_footprint_mismatch]: Footprint 'R_0402_1005Metric' does not match copy in library 'Resistor_SMD'
    Local override; warning
    @(111.9000 mm, 77.2500 mm): Footprint R3
[lib_footprint_mismatch]: Footprint 'R_0402_1005Metric' does not match copy in library 'Resistor_SMD'
    Local override; warning
    @(153.4400 mm, 75.8900 mm): Footprint R25
[lib_footprint_mismatch]: Footprint 'C_0402_1005Metric' does not match copy in library 'Capacitor_SMD'
    Local override; warning
    @(166.4400 mm, 77.4000 mm): Footprint C35
[lib_footprint_mismatch]: Footprint 'PinHeader_1x03_P2.54mm_Vertical' does not match copy in library 'Connector_PinHeader_2.54mm'
    Local override; warning
    @(96.2000 mm, 73.8800 mm): Footprint J5
[lib_footprint_mismatch]: Footprint 'C_0402_1005Metric' does not match copy in library 'Capacitor_SMD'
    Local override; warning
    @(154.8000 mm, 90.5181 mm): Footprint C57
[lib_footprint_mismatch]: Footprint 'C_0402_1005Metric' does not match copy in library 'Capacitor_SMD'
    Local override; warning
    @(127.9000 mm, 91.2500 mm): Footprint C21
[lib_footprint_mismatch]: Footprint 'C_0402_1005Metric' does not match copy in library 'Capacitor_SMD'
    Local override; warning
    @(122.8800 mm, 104.7500 mm): Footprint C3
[lib_footprint_mismatch]: Footprint 'C_0805_2012Metric' does not match copy in library 'Capacitor_SMD'
    Local override; warning
    @(106.8250 mm, 91.1500 mm): Footprint C1
[lib_footprint_mismatch]: Footprint 'R_0402_1005Metric' does not match copy in library 'Resistor_SMD'
    Local override; warning
    @(153.0100 mm, 106.4500 mm): Footprint R22
[lib_footprint_mismatch]: Footprint 'C_0402_1005Metric' does not match copy in library 'Capacitor_SMD'
    Local override; warning
    @(101.7000 mm, 108.3000 mm): Footprint C11
[lib_footprint_mismatch]: Footprint 'C_0402_1005Metric' does not match copy in library 'Capacitor_SMD'
    Local override; warning
    @(178.9400 mm, 77.4000 mm): Footprint C45
[lib_footprint_mismatch]: Footprint 'C_0402_1005Metric' does not match copy in library 'Capacitor_SMD'
    Local override; warning
    @(154.8000 mm, 88.5000 mm): Footprint C52
[lib_footprint_issues]: The current configuration does not include the footprint library 'AD7124'
    Local override; warning
    @(149.1500 mm, 91.3981 mm): Footprint U8
[lib_footprint_mismatch]: Footprint 'C_0805_2012Metric' does not match copy in library 'Capacitor_SMD'
    Local override; warning
    @(145.1500 mm, 85.3981 mm): Footprint C24
[lib_footprint_issues]: The current configuration does not include the footprint library 'RP2040_minimal_r2'
    Local override; warning
    @(121.8750 mm, 69.0000 mm): Footprint J2
[lib_footprint_mismatch]: Footprint 'R_0402_1005Metric' does not match copy in library 'Resistor_SMD'
    Local override; warning
    @(157.3000 mm, 87.8000 mm): Footprint R30
[lib_footprint_mismatch]: Footprint 'TerminalBlock_Xinya_XY308-2.54-4P_1x04_P2.54mm_Horizontal' does not match copy in library 'TerminalBlock'
    Local override; warning
    @(155.9400 mm, 70.9000 mm): Footprint J12
[lib_footprint_mismatch]: Footprint 'R_0402_1005Metric' does not match copy in library 'Resistor_SMD'
    Local override; warning
    @(178.4400 mm, 75.9000 mm): Footprint R23
[lib_footprint_mismatch]: Footprint 'TerminalBlock_Xinya_XY308-2.54-4P_1x04_P2.54mm_Horizontal' does not match copy in library 'TerminalBlock'
    Local override; warning
    @(168.4400 mm, 70.9000 mm): Footprint J11
[lib_footprint_mismatch]: Footprint 'C_0402_1005Metric' does not match copy in library 'Capacitor_SMD'
    Local override; warning
    @(151.3600 mm, 104.0000 mm): Footprint C39
[lib_footprint_mismatch]: Footprint 'R_0402_1005Metric' does not match copy in library 'Resistor_SMD'
    Local override; warning
    @(150.9400 mm, 75.8900 mm): Footprint R26
[lib_footprint_issues]: The current configuration does not include the footprint library 'Package_SO_Downloaded'
    Local override; warning
    @(113.9000 mm, 82.7500 mm): Footprint U4
[lib_footprint_mismatch]: Footprint 'C_0805_2012Metric' does not match copy in library 'Capacitor_SMD'
    Local override; warning
    @(147.1500 mm, 96.8981 mm): Footprint C25
[lib_footprint_mismatch]: Footprint 'C_0402_1005Metric' does not match copy in library 'Capacitor_SMD'
    Local override; warning
    @(171.7000 mm, 92.1800 mm): Footprint C27
[lib_footprint_mismatch]: Footprint 'C_0402_1005Metric' does not match copy in library 'Capacitor_SMD'
    Local override; warning
    @(153.3600 mm, 105.0000 mm): Footprint C44
[lib_footprint_mismatch]: Footprint 'C_0402_1005Metric' does not match copy in library 'Capacitor_SMD'
    Local override; warning
    @(165.8600 mm, 105.0000 mm): Footprint C32
[lib_footprint_mismatch]: Footprint 'R_0402_1005Metric' does not match copy in library 'Resistor_SMD'
    Local override; warning
    @(174.2100 mm, 90.6800 mm): Footprint R16
[lib_footprint_mismatch]: Footprint 'R_0402_1005Metric' does not match copy in library 'Resistor_SMD'
    Local override; warning
    @(95.7000 mm, 110.9100 mm): Footprint R8
[lib_footprint_mismatch]: Footprint 'R_0402_1005Metric' does not match copy in library 'Resistor_SMD'
    Local override; warning
    @(162.8600 mm, 106.5000 mm): Footprint R13
[lib_footprint_mismatch]: Footprint 'C_0402_1005Metric' does not match copy in library 'Capacitor_SMD'
    Local override; warning
    @(157.3000 mm, 90.1000 mm): Footprint C53
[lib_footprint_mismatch]: Footprint 'C_0402_1005Metric' does not match copy in library 'Capacitor_SMD'
    Local override; warning
    @(175.4400 mm, 77.4000 mm): Footprint C46
[lib_footprint_mismatch]: Footprint 'C_0402_1005Metric' does not match copy in library 'Capacitor_SMD'
    Local override; warning
    @(154.8200 mm, 91.5000 mm): Footprint C54
[lib_footprint_mismatch]: Footprint 'C_0402_1005Metric' does not match copy in library 'Capacitor_SMD'
    Local override; warning
    @(164.9200 mm, 78.4000 mm): Footprint C28
[lib_footprint_mismatch]: Footprint 'TerminalBlock_Xinya_XY308-2.54-4P_1x04_P2.54mm_Horizontal' does not match copy in library 'TerminalBlock'
    Local override; warning
    @(179.2000 mm, 95.6800 mm): Footprint J9
[lib_footprint_issues]: The current configuration does not include the footprint library 'JST_SH3PIN_SOCKET'
    Local override; warning
    @(130.5000 mm, 112.9250 mm): Footprint J3
[lib_footprint_mismatch]: Footprint 'C_0402_1005Metric' does not match copy in library 'Capacitor_SMD'
    Local override; warning
    @(106.6250 mm, 96.3750 mm): Footprint C6
[lib_footprint_mismatch]: Footprint 'R_0402_1005Metric' does not match copy in library 'Resistor_SMD'
    Local override; warning
    @(122.9000 mm, 88.7500 mm): Footprint R11
[lib_footprint_mismatch]: Footprint 'R_0402_1005Metric' does not match copy in library 'Resistor_SMD'
    Local override; warning
    @(159.5000 mm, 92.5000 mm): Footprint R19
[lib_footprint_mismatch]: Footprint 'C_0402_1005Metric' does not match copy in library 'Capacitor_SMD'
    Local override; warning
    @(122.4000 mm, 102.2500 mm): Footprint C13
[lib_footprint_mismatch]: Footprint 'C_0402_1005Metric' does not match copy in library 'Capacitor_SMD'
    Local override; warning
    @(177.4400 mm, 78.4000 mm): Footprint C40
[lib_footprint_mismatch]: Footprint 'R_0402_1005Metric' does not match copy in library 'Resistor_SMD'
    Local override; warning
    @(174.2100 mm, 93.1800 mm): Footprint R15
[lib_footprint_mismatch]: Footprint 'C_0402_1005Metric' does not match copy in library 'Capacitor_SMD'
    Local override; warning
    @(147.4000 mm, 86.8500 mm): Footprint C55
[lib_footprint_mismatch]: Footprint 'C_0402_1005Metric' does not match copy in library 'Capacitor_SMD'
    Local override; warning
    @(124.9000 mm, 88.7500 mm): Footprint C17
[lib_footprint_mismatch]: Footprint 'C_0402_1005Metric' does not match copy in library 'Capacitor_SMD'
    Local override; warning
    @(144.9000 mm, 89.3300 mm): Footprint C38
[lib_footprint_mismatch]: Footprint 'C_0402_1005Metric' does not match copy in library 'Capacitor_SMD'
    Local override; warning
    @(120.9000 mm, 87.7500 mm): Footprint C15
[lib_footprint_mismatch]: Footprint 'R_0402_1005Metric' does not match copy in library 'Resistor_SMD'
    Local override; warning
    @(110.4100 mm, 77.2500 mm): Footprint R4
[lib_footprint_mismatch]: Footprint 'C_0402_1005Metric' does not match copy in library 'Capacitor_SMD'
    Local override; warning
    @(172.7000 mm, 93.6600 mm): Footprint C33
[lib_footprint_mismatch]: Footprint 'C_0402_1005Metric' does not match copy in library 'Capacitor_SMD'
    Local override; warning
    @(152.4200 mm, 78.4000 mm): Footprint C42
[lib_footprint_mismatch]: Footprint 'C_0402_1005Metric' does not match copy in library 'Capacitor_SMD'
    Local override; warning
    @(162.3600 mm, 105.0000 mm): Footprint C31
[lib_footprint_mismatch]: Footprint 'C_0402_1005Metric' does not match copy in library 'Capacitor_SMD'
    Local override; warning
    @(172.7000 mm, 90.1800 mm): Footprint C34
[lib_footprint_mismatch]: Footprint 'C_0402_1005Metric' does not match copy in library 'Capacitor_SMD'
    Local override; warning
    @(107.1250 mm, 103.8750 mm): Footprint C8
[lib_footprint_mismatch]: Footprint 'TerminalBlock_Xinya_XY308-2.54-4P_1x04_P2.54mm_Horizontal' does not match copy in library 'TerminalBlock'
    Local override; warning
    @(147.8600 mm, 111.5000 mm): Footprint J6
[lib_footprint_mismatch]: Footprint 'C_0402_1005Metric' does not match copy in library 'Capacitor_SMD'
    Local override; warning
    @(127.8800 mm, 89.7500 mm): Footprint C23
[lib_footprint_mismatch]: Footprint 'R_0402_1005Metric' does not match copy in library 'Resistor_SMD'
    Local override; warning
    @(150.3600 mm, 106.5000 mm): Footprint R21
[lib_footprint_mismatch]: Footprint 'R_0402_1005Metric' does not match copy in library 'Resistor_SMD'
    Local override; warning
    @(120.4000 mm, 102.2500 mm): Footprint R5
[lib_footprint_mismatch]: Footprint 'TerminalBlock_Xinya_XY308-2.54-3P_1x03_P2.54mm_Horizontal' does not match copy in library 'TerminalBlock'
    Local override; warning
    @(98.5000 mm, 95.1750 mm): Footprint J4
[lib_footprint_mismatch]: Footprint 'R_0402_1005Metric' does not match copy in library 'Resistor_SMD'
    Local override; warning
    @(144.4500 mm, 90.7519 mm): Footprint R31
[lib_footprint_mismatch]: Footprint 'R_0402_1005Metric' does not match copy in library 'Resistor_SMD'
    Local override; warning
    @(165.9400 mm, 75.9000 mm): Footprint R17
[lib_footprint_mismatch]: Footprint 'C_0805_2012Metric' does not match copy in library 'Capacitor_SMD'
    Local override; warning
    @(105.0000 mm, 71.5000 mm): Footprint C10
[lib_footprint_mismatch]: Footprint 'C_0402_1005Metric' does not match copy in library 'Capacitor_SMD'
    Local override; warning
    @(149.8400 mm, 105.0000 mm): Footprint C43
[lib_footprint_issues]: The current configuration does not include the footprint library 'TPS629210'
    Local override; warning
    @(97.7998 mm, 108.3241 mm): Footprint U6
[lib_footprint_mismatch]: Footprint 'R_0402_1005Metric' does not match copy in library 'Resistor_SMD'
    Local override; warning
    @(163.4400 mm, 75.9000 mm): Footprint R18
[lib_footprint_mismatch]: Footprint 'C_0402_1005Metric' does not match copy in library 'Capacitor_SMD'
    Local override; warning
    @(147.4800 mm, 95.4000 mm): Footprint C30
[lib_footprint_mismatch]: Footprint 'PinHeader_1x02_P2.54mm_Vertical' does not match copy in library 'Connector_PinHeader_2.54mm'
    Local override; warning
    @(115.0000 mm, 71.2900 mm): Footprint J1
[lib_footprint_mismatch]: Footprint 'C_0402_1005Metric' does not match copy in library 'Capacitor_SMD'
    Local override; warning
    @(114.9200 mm, 96.7500 mm): Footprint C19
[lib_footprint_mismatch]: Footprint 'R_0402_1005Metric' does not match copy in library 'Resistor_SMD'
    Local override; warning
    @(121.9000 mm, 88.7500 mm): Footprint R10
[lib_footprint_mismatch]: Footprint 'C_0402_1005Metric' does not match copy in library 'Capacitor_SMD'
    Local override; warning
    @(150.4600 mm, 77.4000 mm): Footprint C48
[lib_footprint_mismatch]: Footprint 'C_0402_1005Metric' does not match copy in library 'Capacitor_SMD'
    Local override; warning
    @(114.9000 mm, 92.2500 mm): Footprint C16
[lib_footprint_issues]: The current configuration does not include the footprint library '74438334022'
    Local override; warning
    @(101.1000 mm, 111.4000 mm): Footprint L1
[lib_footprint_mismatch]: Footprint 'C_0402_1005Metric' does not match copy in library 'Capacitor_SMD'
    Local override; warning
    @(178.3800 mm, 105.0000 mm): Footprint C50
[lib_footprint_mismatch]: Footprint 'C_0805_2012Metric' does not match copy in library 'Capacitor_SMD'
    Local override; warning
    @(130.4000 mm, 73.2500 mm): Footprint C5
[lib_footprint_mismatch]: Footprint 'TerminalBlock_Xinya_XY308-2.54-4P_1x04_P2.54mm_Horizontal' does not match copy in library 'TerminalBlock'
    Local override; warning
    @(180.9400 mm, 70.9000 mm): Footprint J10
[lib_footprint_mismatch]: Footprint 'C_0805_2012Metric' does not match copy in library 'Capacitor_SMD'
    Local override; warning
    @(143.4000 mm, 88.5500 mm): Footprint C37
[lib_footprint_mismatch]: Footprint 'R_0402_1005Metric' does not match copy in library 'Resistor_SMD'
    Local override; warning
    @(159.5000 mm, 90.1000 mm): Footprint R20
[lib_footprint_mismatch]: Footprint 'C_0402_1005Metric' does not match copy in library 'Capacitor_SMD'
    Local override; warning
    @(123.9000 mm, 88.7700 mm): Footprint C14
[lib_footprint_mismatch]: Footprint 'R_0402_1005Metric' does not match copy in library 'Resistor_SMD'
    Local override; warning
    @(165.3600 mm, 106.5000 mm): Footprint R14
[lib_footprint_mismatch]: Footprint 'R_0402_1005Metric' does not match copy in library 'Resistor_SMD'
    Local override; warning
    @(175.9400 mm, 75.9000 mm): Footprint R24
[lib_footprint_mismatch]: Footprint 'R_0402_1005Metric' does not match copy in library 'Resistor_SMD'
    Local override; warning
    @(130.2000 mm, 108.2100 mm): Footprint R2
[lib_footprint_mismatch]: Footprint 'R_0402_1005Metric' does not match copy in library 'Resistor_SMD'
    Local override; warning
    @(177.8600 mm, 106.5000 mm): Footprint R28
[lib_footprint_mismatch]: Footprint 'TerminalBlock_Xinya_XY308-2.54-4P_1x04_P2.54mm_Horizontal' does not match copy in library 'TerminalBlock'
    Local override; warning
    @(160.3600 mm, 111.5000 mm): Footprint J7
[lib_footprint_mismatch]: Footprint 'C_0402_1005Metric' does not match copy in library 'Capacitor_SMD'
    Local override; warning
    @(116.9000 mm, 77.7500 mm): Footprint C9
[lib_footprint_mismatch]: Footprint 'C_0402_1005Metric' does not match copy in library 'Capacitor_SMD'
    Local override; warning
    @(145.0000 mm, 94.9000 mm): Footprint C56
[lib_footprint_mismatch]: Footprint 'C_0402_1005Metric' does not match copy in library 'Capacitor_SMD'
    Local override; warning
    @(163.8400 mm, 104.0000 mm): Footprint C26
[lib_footprint_issues]: The current configuration does not include the footprint library 'ADG708'
    Local override; warning
    @(138.8750 mm, 103.8806 mm): Footprint U5
[lib_footprint_mismatch]: Footprint 'R_0402_1005Metric' does not match copy in library 'Resistor_SMD'
    Local override; warning
    @(97.5100 mm, 111.4000 mm): Footprint R9
[lib_footprint_mismatch]: Footprint 'C_0402_1005Metric' does not match copy in library 'Capacitor_SMD'
    Local override; warning
    @(119.9200 mm, 104.7500 mm): Footprint C2
[lib_footprint_issues]: The current configuration does not include the footprint library 'RP2040_minimal_r2'
    Local override; warning
    @(121.1250 mm, 95.4750 mm): Footprint U7
[lib_footprint_mismatch]: Footprint 'C_0402_1005Metric' does not match copy in library 'Capacitor_SMD'
    Local override; warning
    @(176.3600 mm, 104.0000 mm): Footprint C41
[lib_footprint_mismatch]: Footprint 'C_0402_1005Metric' does not match copy in library 'Capacitor_SMD'
    Local override; warning
    @(162.9600 mm, 77.4000 mm): Footprint C36
[lib_footprint_mismatch]: Footprint 'C_0402_1005Metric' does not match copy in library 'Capacitor_SMD'
    Local override; warning
    @(119.9000 mm, 87.7500 mm): Footprint C12
[lib_footprint_mismatch]: Footprint 'R_0402_1005Metric' does not match copy in library 'Resistor_SMD'
    Local override; warning
    @(157.3000 mm, 92.5500 mm): Footprint R29
[lib_footprint_mismatch]: Footprint 'C_0805_2012Metric' does not match copy in library 'Capacitor_SMD'
    Local override; warning
    @(131.9000 mm, 85.7500 mm): Footprint C7
[lib_footprint_mismatch]: Footprint 'C_0402_1005Metric' does not match copy in library 'Capacitor_SMD'
    Local override; warning
    @(145.6500 mm, 86.8981 mm): Footprint C29
[lib_footprint_mismatch]: Footprint 'C_0402_1005Metric' does not match copy in library 'Capacitor_SMD'
    Local override; warning
    @(154.8000 mm, 89.5000 mm): Footprint C51
[lib_footprint_mismatch]: Footprint 'C_0402_1005Metric' does not match copy in library 'Capacitor_SMD'
    Local override; warning
    @(121.4000 mm, 102.2500 mm): Footprint C20
[lib_footprint_mismatch]: Footprint 'R_0402_1005Metric' does not match copy in library 'Resistor_SMD'
    Local override; warning
    @(128.5500 mm, 108.2000 mm): Footprint R1
[text_height]: Text height out of range (board setup constraints silk text height min height 0.8000 mm; actual 0.5000 mm)
    Rule: board setup constraints silk text height; warning
    @(98.0000 mm, 74.5000 mm): PCB text 'TX-YLW' on F.Silkscreen
[text_thickness]: Text thickness out of range (board setup constraints silk text thickness min thickness 0.0800 mm; actual 0.0500 mm)
    Rule: board setup constraints silk text thickness; warning
    @(116.5000 mm, 115.5000 mm): PCB text 'Zach Radlicz' on F.Silkscreen
[text_height]: Text height out of range (board setup constraints silk text height min height 0.8000 mm; actual 0.4000 mm)
    Rule: board setup constraints silk text height; warning
    @(116.5000 mm, 115.5000 mm): PCB text 'Zach Radlicz' on F.Silkscreen
[text_height]: Text height out of range (board setup constraints silk text height min height 0.8000 mm; actual 0.5000 mm)
    Rule: board setup constraints silk text height; warning
    @(101.0000 mm, 103.0000 mm): PCB text '12V' on F.Silkscreen
[text_height]: Text height out of range (board setup constraints silk text height min height 0.8000 mm; actual 0.5000 mm)
    Rule: board setup constraints silk text height; warning
    @(99.5000 mm, 69.0000 mm): PCB text 'GND' on F.Silkscreen
[text_height]: Text height out of range (board setup constraints silk text height min height 0.8000 mm; actual 0.5000 mm)
    Rule: board setup constraints silk text height; warning
    @(101.0000 mm, 105.0000 mm): PCB text 'GND' on F.Silkscreen
[text_height]: Text height out of range (board setup constraints silk text height min height 0.8000 mm; actual 0.5000 mm)
    Rule: board setup constraints silk text height; warning
    @(98.0000 mm, 72.0000 mm): PCB text 'RX-ORG' on F.Silkscreen
[text_height]: Text height out of range (board setup constraints silk text height min height 0.8000 mm; actual 0.5000 mm)
    Rule: board setup constraints silk text height; warning
    @(101.0000 mm, 104.0000 mm): PCB text 'DATA' on F.Silkscreen
[text_thickness]: Text thickness out of range (board setup constraints silk text thickness min thickness 0.0800 mm; actual 0.0003 mm)
    Rule: board setup constraints silk text thickness; warning
    @(137.6000 mm, 68.6000 mm): Reference field of a
[text_height]: Text height out of range (board setup constraints silk text height min height 0.8000 mm; actual 0.0010 mm)
    Rule: board setup constraints silk text height; warning
    @(137.6000 mm, 68.6000 mm): Reference field of a
[text_thickness]: Text thickness out of range (board setup constraints silk text thickness min thickness 0.0800 mm; actual 0.0003 mm)
    Rule: board setup constraints silk text thickness; warning
    @(110.4000 mm, 109.7000 mm): Reference field of a
[text_height]: Text height out of range (board setup constraints silk text height min height 0.8000 mm; actual 0.0010 mm)
    Rule: board setup constraints silk text height; warning
    @(110.4000 mm, 109.7000 mm): Reference field of a

** Found 0 unconnected pads **

** Found 0 Footprint errors **

** Ignored checks **
    - Footprint has no courtyard defined
    - Track endpoint not centered on via
    - Tuning profile track geometries
    - Footprint doesn't match symbol's footprint filters
    - PTH inside courtyard
    - NPTH inside courtyard
    - Footprint component type doesn't match footprint pads

** End of Report **
